// Vitest Snapshot v1, https://vitest.dev/guide/snapshot.html

exports[`Input component > renders a MultiSelectInput 1`] = `
<DocumentFragment>
  <div
    class="form-control "
    data-testid="msi-drms"
  >
    <div
      class="form-check form-check-inline"
    >
      <input
        class="form-check-input"
        id="msimarlin"
        name="marlin"
        type="checkbox"
      />
      <label
        class="form-check-label me-3"
        for="msimarlin"
      >
        marlin
      </label>
    </div>
    <div
      class="form-check form-check-inline"
    >
      <input
        class="form-check-input"
        id="msiplayready"
        name="playready"
        type="checkbox"
      />
      <label
        class="form-check-label me-3"
        for="msiplayready"
      >
        playready
      </label>
    </div>
    <div
      class="form-check form-check-inline"
    >
      <input
        class="form-check-input"
        id="msiclearkey"
        name="clearkey"
        type="checkbox"
      />
      <label
        class="form-check-label me-3"
        for="msiclearkey"
      >
        clearkey
      </label>
    </div>
  </div>
</DocumentFragment>
`;

exports[`Input component > renders a Radio button 1`] = `
<DocumentFragment>
  <div>
    <div
      class="form-check"
    >
      <input
        class="form-check-input"
        id="radio-mode-vod"
        name="mode"
        type="radio"
        value="vod"
      />
      <label
        class="form-check-label"
        for="radio-mode-vod"
      >
        Video On Demand (using live profile)
      </label>
    </div>
    <div
      class="form-check"
    >
      <input
        class="form-check-input"
        id="radio-mode-live"
        name="mode"
        type="radio"
        value="live"
      />
      <label
        class="form-check-label"
        for="radio-mode-live"
      >
        Live stream (using live profile)
      </label>
    </div>
    <div
      class="form-check"
    >
      <input
        class="form-check-input"
        id="radio-mode-odvod"
        name="mode"
        type="radio"
        value="odvod"
      />
      <label
        class="form-check-label"
        for="radio-mode-odvod"
      >
        Video On Demand (using on-demand profile)
      </label>
    </div>
  </div>
</DocumentFragment>
`;

exports[`Input component > renders a Select input 1`] = `
<DocumentFragment>
  <select
    class="form-select "
    id="model-manifest"
    name="manifest"
    title="Manifest"
    type="select"
  >
    <option
      value="hand_made.mpd"
    >
      Hand-made manifest
    </option>
    <option
      value="manifest_a.mpd"
    >
      Vendor A live profile
    </option>
    <option
      value="manifest_b.mpd"
    >
      Vendor B VOD using live profile
    </option>
    <option
      value="manifest_e.mpd"
    >
      Vendor E live profile
    </option>
    <option
      value="manifest_ef.mpd"
    >
      Vendor EF live profile
    </option>
    <option
      value="manifest_h.mpd"
    >
      Vendor H live profile
    </option>
    <option
      value="manifest_i.mpd"
    >
      Vendor I live profile
    </option>
    <option
      value="manifest_n.mpd"
    >
      Provider N live profile
    </option>
    <option
      value="manifest_vod_aiv.mpd"
    >
      AIV on demand profile
    </option>
  </select>
</DocumentFragment>
`;
