// Vitest Snapshot v1, https://vitest.dev/guide/snapshot.html

exports[`Input component > renders a Radio button 1`] = `
<DocumentFragment>
  <div>
    <div
      class="form-check"
    >
      <input
        class="form-check-input"
        id="radio-mode-vod"
        name="mode"
        type="radio"
        value="vod"
      />
      <label
        class="form-check-label"
        for="radio-mode-vod"
      >
        Video On Demand (using live profile)
      </label>
    </div>
    <div
      class="form-check"
    >
      <input
        class="form-check-input"
        id="radio-mode-live"
        name="mode"
        type="radio"
        value="live"
      />
      <label
        class="form-check-label"
        for="radio-mode-live"
      >
        Live stream (using live profile)
      </label>
    </div>
    <div
      class="form-check"
    >
      <input
        class="form-check-input"
        disabled=""
        id="radio-mode-odvod"
        name="mode"
        type="radio"
        value="odvod"
      />
      <label
        class="form-check-label"
        for="radio-mode-odvod"
      >
        Video On Demand (using on-demand profile)
      </label>
    </div>
  </div>
</DocumentFragment>
`;
