// Vitest Snapshot v1, https://vitest.dev/guide/snapshot.html

exports[`LoginLogoutLink component > shows log out link 1`] = `
<DocumentFragment>
  <li
    class="nav-item dropdown ms-auto me-4"
  >
    <button
      class="nav-link"
      role="menuitem"
    >
      Log In
    </button>
  </li>
</DocumentFragment>
`;

exports[`LoginLogoutLink component > shows login link 1`] = `
<DocumentFragment>
  <li
    class="nav-item dropdown ms-auto me-4"
  >
    <button
      class="nav-link"
      role="menuitem"
    >
      Log In
    </button>
  </li>
</DocumentFragment>
`;
