// Vitest Snapshot v1, https://vitest.dev/guide/snapshot.html

exports[`LoginLogoutLink component > shows  log out link 1`] = `
<DocumentFragment>
  <li
    class="nav-item user-login"
  >
    <a
      class="nav-link user-login"
      href="/login"
    >
      Log In
    </a>
  </li>
</DocumentFragment>
`;

exports[`LoginLogoutLink component > shows login link 1`] = `
<DocumentFragment>
  <li
    class="nav-item user-login"
  >
    <a
      class="nav-link user-login"
      href="/login"
    >
      Log In
    </a>
  </li>
</DocumentFragment>
`;
