// Vitest Snapshot v1, https://vitest.dev/guide/snapshot.html

exports[`RadioInput > should display radio inputs 1`] = `
<DocumentFragment>
  <div>
    <div
      class="form-check"
    >
      <input
        class="form-check-input"
        id="radio-rtest-one"
        name="rtest"
        type="radio"
        value="one"
      />
      <label
        class="form-check-label"
        for="radio-rtest-one"
      >
        option one
      </label>
    </div>
    <div
      class="form-check"
    >
      <input
        class="form-check-input"
        id="radio-rtest-two"
        name="rtest"
        type="radio"
        value="two"
      />
      <label
        class="form-check-label"
        for="radio-rtest-two"
      >
        option two
      </label>
    </div>
  </div>
</DocumentFragment>
`;
