// Vitest Snapshot v1, https://vitest.dev/guide/snapshot.html

exports[`EditStreamForm component > matches snapshot for an existing stream 1`] = `
<DocumentFragment>
  <div
    class=""
  >
    <div
      class="row mb-2 form-group "
    >
      <label
        class="col-2 col-form-label"
        for="model-name"
      >
        Name:
      </label>
      <div
        class="col-7"
      >
        <input
          class="form-control is-valid"
          id="field-name"
          name="name"
          type="text"
        />
      </div>
      <div
        class="col-3 form-text"
      >
        Unique name for this stream
      </div>
    </div>
    <div
      class="row mb-2 form-group "
    >
      <label
        class="col-2 col-form-label"
        for="model-title"
      >
        Title:
      </label>
      <div
        class="col-7"
      >
        <input
          class="form-control is-valid"
          id="field-title"
          name="title"
          type="text"
        />
      </div>
      <div
        class="col-3 form-text"
      >
        Title for this stream
      </div>
    </div>
    <div
      class="row mb-2 form-group "
    >
      <label
        class="col-2 col-form-label"
        for="model-options"
      >
        Stream Options:
      </label>
      <div
        class="col-10"
      >
        <div
          class="d-flex flex-row"
        >
          <div
            class="json bg-secondary-subtle border border-dark-subtle flex-fill me-1"
          >
            <span
              class="key"
            >
              ntps
            </span>
            : 
            <span
              class="value"
            >
              "europe-ntp"
            </span>
            , 
            <span
              class="key"
            >
              st
            </span>
            : 
            <span
              class="value"
            >
              true
            </span>
          </div>
          <button
            class="btn btn-primary"
          >
            Options
          </button>
        </div>
      </div>
    </div>
    <div
      class="row mb-2 form-group has-validation"
    >
      <label
        class="col-2 col-form-label"
        for="model-periods"
      >
        Periods:
      </label>
      <div
        class="col-10"
      >
        <div>
          <div
            class="period-table border"
          >
            <div
              class="row bg-secondary text-white table-head"
            >
              <div
                class="col period-ordering"
              >
                #
              </div>
              <div
                class="col period-id"
              >
                ID
              </div>
              <div
                class="col period-stream"
              >
                Stream
              </div>
              <div
                class="col period-start"
              >
                Start Time
              </div>
              <div
                class="col period-duration"
              >
                Duration
              </div>
              <div
                class="col period-tracks"
              >
                Tracks
              </div>
            </div>
            <ul>
              <li
                class="row mt-1 p-1 bg-secondary-subtle "
              >
                <div
                  class="col period-ordering"
                >
                  <div
                    class="dropdown"
                  >
                    <a
                      aria-expanded="false"
                      class=" dropdown-toggle"
                      href="#"
                      role="button"
                    >
                      <span
                        aria-label="three-dots icon"
                        class="bi icon bi-three-dots "
                        role="img"
                      />
                    </a>
                    <ul
                      class="dropdown-menu "
                    >
                      <li
                        data-testid="ddi_0"
                      >
                        <a
                          class="dropdown-item"
                          href="#"
                        >
                          Add another Period
                        </a>
                      </li>
                      <li
                        data-testid="ddi_1"
                      >
                        <a
                          class="dropdown-item"
                          href="#"
                        >
                          Delete Period
                        </a>
                      </li>
                    </ul>
                  </div>
                </div>
                <div
                  class="col period-id"
                >
                  <input
                    class="form-control is-valid"
                    id="field-pid_2"
                    name="pid_2"
                    required=""
                    type="text"
                  />
                </div>
                <div
                  class="col period-stream"
                >
                  <select
                    class="form-select is-valid"
                    name="stream_2"
                    required=""
                  >
                    <option
                      value=""
                    >
                      --Select a stream--
                    </option>
                    <option
                      value="1"
                    >
                      Big Buck Bunny
                    </option>
                    <option
                      value="2"
                    >
                      Tears of Steel
                    </option>
                  </select>
                </div>
                <div
                  class="col period-start"
                >
                  <input
                    class="form-control is-valid"
                    min="00:00:00"
                    name="start_2"
                    step="1"
                    type="time"
                  />
                </div>
                <div
                  class="col period-duration"
                >
                  <input
                    class="form-control is-valid"
                    min="00:00:01"
                    name="duration_2"
                    step="1"
                    type="time"
                  />
                </div>
                <div
                  class="col period-tracks"
                >
                  <button
                    aria-disabled="false"
                    class="btn btn-sm m-1 btn-success"
                  >
                    2/3 tracks
                  </button>
                </div>
              </li>
              <li
                class="row mt-1 p-1 bg-primary-subtle "
              >
                <div
                  class="col period-ordering"
                >
                  <div
                    class="dropdown"
                  >
                    <a
                      aria-expanded="false"
                      class=" dropdown-toggle"
                      href="#"
                      role="button"
                    >
                      <span
                        aria-label="three-dots icon"
                        class="bi icon bi-three-dots "
                        role="img"
                      />
                    </a>
                    <ul
                      class="dropdown-menu "
                    >
                      <li
                        data-testid="ddi_0"
                      >
                        <a
                          class="dropdown-item"
                          href="#"
                        >
                          Add another Period
                        </a>
                      </li>
                      <li
                        data-testid="ddi_1"
                      >
                        <a
                          class="dropdown-item"
                          href="#"
                        >
                          Delete Period
                        </a>
                      </li>
                    </ul>
                  </div>
                </div>
                <div
                  class="col period-id"
                >
                  <input
                    class="form-control is-valid"
                    id="field-pid_1"
                    name="pid_1"
                    required=""
                    type="text"
                  />
                </div>
                <div
                  class="col period-stream"
                >
                  <select
                    class="form-select is-valid"
                    name="stream_1"
                    required=""
                  >
                    <option
                      value=""
                    >
                      --Select a stream--
                    </option>
                    <option
                      value="1"
                    >
                      Big Buck Bunny
                    </option>
                    <option
                      value="2"
                    >
                      Tears of Steel
                    </option>
                  </select>
                </div>
                <div
                  class="col period-start"
                >
                  <input
                    class="form-control is-valid"
                    min="00:00:00"
                    name="start_1"
                    step="1"
                    type="time"
                  />
                </div>
                <div
                  class="col period-duration"
                >
                  <input
                    class="form-control is-valid"
                    min="00:00:01"
                    name="duration_1"
                    step="1"
                    type="time"
                  />
                </div>
                <div
                  class="col period-tracks"
                >
                  <button
                    aria-disabled="false"
                    class="btn btn-sm m-1 btn-success"
                  >
                    2/3 tracks
                  </button>
                </div>
              </li>
            </ul>
            <div
              class="btn-toolbar"
            >
              <button
                class="btn btn-primary btn-sm m-2"
              >
                Add a Period
              </button>
            </div>
          </div>
        </div>
      </div>
    </div>
    <div
      class="btn-toolbar"
    >
      <button
        class="btn btn-success m-2"
        disabled=""
      >
        Save Changes
      </button>
      <button
        class="btn btn-danger m-2"
      >
        Delete Stream
      </button>
      <a
        class="btn m-2 btn-primary"
        href="/multi-period-streams"
      >
        Back
      </a>
    </div>
  </div>
</DocumentFragment>
`;
