// Vitest Snapshot v1, https://vitest.dev/guide/snapshot.html

exports[`ListStreamsPage > should display list of multi-period streams 1`] = `
<DocumentFragment>
  <h1>
    Available Multi-period DASH streams
  </h1>
  <table
    class="table table-striped"
    id="mp-streams"
  >
    <caption>
      Multi-Period Streams
    </caption>
    <thead>
      <tr>
        <th
          class="name "
        >
          <a
            class="link-light fw-bolder"
          >
            <span
              aria-label="sort-alpha-down icon"
              class="bi icon bi-sort-alpha-down opacity-100"
              role="img"
            />
            Name
          </a>
        </th>
        <th
          class="title "
        >
          <a
            class="link-light "
          >
            <span
              aria-label="sort-alpha-down icon"
              class="bi icon bi-sort-alpha-down opacity-50"
              role="img"
            />
            Title
          </a>
        </th>
        <th
          class="num-periods text-end"
        >
          Periods
        </th>
        <th
          class="duration text-end"
        >
          Duration
        </th>
      </tr>
    </thead>
    <tbody>
      <tr>
        <td
          class="name text-center"
        >
          <a
            href="/multi-period-streams/demo"
          >
            demo
          </a>
        </td>
        <td
          class="title text-center"
        >
          <a
            href="/multi-period-streams/demo"
          >
            first title
          </a>
        </td>
        <td
          class="num-periods text-end"
        >
          2
        </td>
        <td
          class="duration text-end"
        >
          PT1M55S
        </td>
      </tr>
    </tbody>
  </table>
  <div
    class="btn-toolbar"
  >
    <a
      class="btn btn-primary btn-sm m-2"
      href="/multi-period-streams/.add"
    >
      Add a Stream
    </a>
  </div>
</DocumentFragment>
`;
