// Vitest Snapshot v1, https://vitest.dev/guide/snapshot.html

exports[`TrackSelectionDialog component > should display dialog box 1`] = `
<DocumentFragment>
  <div
    aria-modal="true"
    class="modal fade show"
    id="dialog-box"
    role="dialog"
    style="display: block;"
    tabindex="-1"
  >
    <div
      class="modal-dialog modal-lg"
      role="document"
    >
      <div
        class="modal-content"
      >
        <div
          class="modal-header"
        >
          <h5
            class="modal-title"
          >
            Choose tracks for Period "pid1"
          </h5>
          <button
            aria-label="Close"
            class="close btn-close"
            type="button"
          />
        </div>
        <div
          class="modal-body m-2"
        >
          <div
            class="row fw-bold"
          >
            <div
              class="col-1"
            >
              <input
                class="form-check-input"
                data-testid="select-all-tracks"
                name="all_tracks"
                type="checkbox"
              />
            </div>
            <div
              class="col-6 text-center"
            >
              Track
            </div>
            <div
              class="col-3 text-center"
            >
              Role
            </div>
            <div
              class="col-2 text-end"
            >
              Encrypted
            </div>
          </div>
          $
          <div
            class="input-group mb-3 row border p-1"
          >
            <div
              class="col-1"
            >
              <input
                class="form-check-input"
                id="id_enable_1"
                name="enable_1"
                type="checkbox"
              />
            </div>
            <label
              class="form-check-label col-6"
              for="id_enable_1"
            >
              video track 1 (avc1, 3 bitrates)
            </label>
            <select
              class="form-select col-3"
              name="role_1"
            >
              <option
                value="alternate"
              >
                alternate
              </option>
              <option
                value="caption"
              >
                caption
              </option>
              <option
                value="easyreader"
              >
                easyreader
              </option>
              <option
                value="emergency"
              >
                emergency
              </option>
              <option
                value="karaoke"
              >
                karaoke
              </option>
              <option
                value="main"
              >
                main
              </option>
              <option
                value="sign"
              >
                sign
              </option>
              <option
                value="subtitle"
              >
                subtitle
              </option>
              <option
                value="supplementary"
              >
                supplementary
              </option>
            </select>
            <div
              class="col-1"
            >
              <input
                class="form-check-input"
                name="enc_1"
                type="checkbox"
              />
            </div>
          </div>
          <div
            class="input-group mb-3 row border p-1"
          >
            <div
              class="col-1"
            >
              <input
                class="form-check-input"
                id="id_enable_2"
                name="enable_2"
                type="checkbox"
              />
            </div>
            <label
              class="form-check-label col-6"
              for="id_enable_2"
            >
              audio track 2 (mp4a)
            </label>
            <select
              class="form-select col-3"
              name="role_2"
            >
              <option
                value="alternate"
              >
                alternate
              </option>
              <option
                value="commentary"
              >
                commentary
              </option>
              <option
                value="description"
              >
                description
              </option>
              <option
                value="dub"
              >
                dub
              </option>
              <option
                value="emergency"
              >
                emergency
              </option>
              <option
                value="enhanced_audio_intelligibility"
              >
                enhanced_audio_intelligibility
              </option>
              <option
                value="karaoke"
              >
                karaoke
              </option>
              <option
                value="main"
              >
                main
              </option>
              <option
                value="supplementary"
              >
                supplementary
              </option>
            </select>
            <div
              class="col-1"
            >
              <input
                class="form-check-input"
                disabled=""
                name="enc_2"
                type="checkbox"
              />
            </div>
          </div>
          <div
            class="input-group mb-3 row border p-1"
          >
            <div
              class="col-1"
            >
              <input
                class="form-check-input"
                id="id_enable_3"
                name="enable_3"
                type="checkbox"
              />
            </div>
            <label
              class="form-check-label col-6"
              for="id_enable_3"
            >
              audio track 3 (ec3)
            </label>
            <select
              class="form-select col-3"
              name="role_3"
            >
              <option
                value="alternate"
              >
                alternate
              </option>
              <option
                value="commentary"
              >
                commentary
              </option>
              <option
                value="description"
              >
                description
              </option>
              <option
                value="dub"
              >
                dub
              </option>
              <option
                value="emergency"
              >
                emergency
              </option>
              <option
                value="enhanced_audio_intelligibility"
              >
                enhanced_audio_intelligibility
              </option>
              <option
                value="karaoke"
              >
                karaoke
              </option>
              <option
                value="main"
              >
                main
              </option>
              <option
                value="supplementary"
              >
                supplementary
              </option>
            </select>
            <div
              class="col-1"
            >
              <input
                class="form-check-input"
                disabled=""
                name="enc_3"
                type="checkbox"
              />
            </div>
          </div>
        </div>
        <div
          class="modal-footer"
        >
          <button
            class="btn btn-secondary btn-secondary"
            type="button"
          >
            Close
          </button>
        </div>
      </div>
    </div>
  </div>
</DocumentFragment>
`;
