// Vitest Snapshot v1, https://vitest.dev/guide/snapshot.html

exports[`OptionsDetailTable component > matches snapshot 1`] = `
<DocumentFragment>
  <table
    class="table table-striped table-bordered"
    style="width: auto;"
  >
    <thead>
      <tr
        class="sort_shortName"
      >
        <th
          class="shortName"
        >
          <a
            class=" fs-6"
            href="#"
          >
            <span
              class="me-1 text-dark"
            >
              Short Name
            </span>
            <span
              aria-label="sort-alpha-down icon"
              class="bi icon bi-sort-alpha-down "
              role="img"
            />
          </a>
        </th>
        <th
          class="fullName"
        >
          <a
            class=""
            href="#"
          >
            <span
              class="me-1 text-dark"
            >
              Full Name
            </span>
          </a>
        </th>
        <th
          class="cgiName"
        >
          <a
            class=""
            href="#"
          >
            <span
              class="me-1 text-dark"
            >
              CGI Name
            </span>
          </a>
        </th>
      </tr>
    </thead>
    <tbody>
      <tr
        id="opt_ab"
      >
        <td
          class="shortName"
        >
          ab
        </td>
        <td
          class="fullName"
        >
          abr
        </td>
        <td
          class="cgiName"
        >
          abr
        </td>
      </tr>
      <tr
        id="opt_ac"
      >
        <td
          class="shortName"
        >
          ac
        </td>
        <td
          class="fullName"
        >
          audioCodec
        </td>
        <td
          class="cgiName"
        >
          acodec
        </td>
      </tr>
      <tr
        id="opt_ad"
      >
        <td
          class="shortName"
        >
          ad
        </td>
        <td
          class="fullName"
        >
          audioDescription
        </td>
        <td
          class="cgiName"
        >
          ad_audio
        </td>
      </tr>
      <tr
        id="opt_ast"
      >
        <td
          class="shortName"
        >
          ast
        </td>
        <td
          class="fullName"
        >
          availabilityStartTime
        </td>
        <td
          class="cgiName"
        >
          start
        </td>
      </tr>
      <tr
        id="opt_base"
      >
        <td
          class="shortName"
        >
          base
        </td>
        <td
          class="fullName"
        >
          useBaseUrls
        </td>
        <td
          class="cgiName"
        >
          base
        </td>
      </tr>
      <tr
        id="opt_bug"
      >
        <td
          class="shortName"
        >
          bug
        </td>
        <td
          class="fullName"
        >
          bugCompatibility
        </td>
        <td
          class="cgiName"
        >
          bugs
        </td>
      </tr>
      <tr
        id="opt_clearkey__drmloc"
      >
        <td
          class="shortName"
        >
          clearkey__drmloc
        </td>
        <td
          class="fullName"
        >
          drmloc
        </td>
        <td
          class="cgiName"
        >
          clearkey__drmloc
        </td>
      </tr>
      <tr
        id="opt_clearkey__enabled"
      >
        <td
          class="shortName"
        >
          clearkey__enabled
        </td>
        <td
          class="fullName"
        >
          enabled
        </td>
        <td
          class="cgiName"
        >
          clearkey__enabled
        </td>
      </tr>
      <tr
        id="opt_clu"
      >
        <td
          class="shortName"
        >
          clu
        </td>
        <td
          class="fullName"
        >
          licenseUrl
        </td>
        <td
          class="cgiName"
        >
          clearkey__la_url
        </td>
      </tr>
      <tr
        id="opt_dft"
      >
        <td
          class="shortName"
        >
          dft
        </td>
        <td
          class="fullName"
        >
          clockDrift
        </td>
        <td
          class="cgiName"
        >
          drift
        </td>
      </tr>
      <tr
        id="opt_evs"
      >
        <td
          class="shortName"
        >
          evs
        </td>
        <td
          class="fullName"
        >
          eventTypes
        </td>
        <td
          class="cgiName"
        >
          events
        </td>
      </tr>
      <tr
        id="opt_lee"
      >
        <td
          class="shortName"
        >
          lee
        </td>
        <td
          class="fullName"
        >
          leeway
        </td>
        <td
          class="cgiName"
        >
          leeway
        </td>
      </tr>
      <tr
        id="opt_ma"
      >
        <td
          class="shortName"
        >
          ma
        </td>
        <td
          class="fullName"
        >
          mainAudio
        </td>
        <td
          class="cgiName"
        >
          main_audio
        </td>
      </tr>
      <tr
        id="opt_marlin__drmloc"
      >
        <td
          class="shortName"
        >
          marlin__drmloc
        </td>
        <td
          class="fullName"
        >
          drmloc
        </td>
        <td
          class="cgiName"
        >
          marlin__drmloc
        </td>
      </tr>
      <tr
        id="opt_marlin__enabled"
      >
        <td
          class="shortName"
        >
          marlin__enabled
        </td>
        <td
          class="fullName"
        >
          enabled
        </td>
        <td
          class="cgiName"
        >
          marlin__enabled
        </td>
      </tr>
      <tr
        id="opt_mlu"
      >
        <td
          class="shortName"
        >
          mlu
        </td>
        <td
          class="fullName"
        >
          licenseUrl
        </td>
        <td
          class="cgiName"
        >
          marlin__la_url
        </td>
      </tr>
      <tr
        id="opt_mt"
      >
        <td
          class="shortName"
        >
          mt
        </td>
        <td
          class="fullName"
        >
          mainText
        </td>
        <td
          class="cgiName"
        >
          main_text
        </td>
      </tr>
      <tr
        id="opt_mup"
      >
        <td
          class="shortName"
        >
          mup
        </td>
        <td
          class="fullName"
        >
          minimumUpdatePeriod
        </td>
        <td
          class="cgiName"
        >
          mup
        </td>
      </tr>
      <tr
        id="opt_ntps"
      >
        <td
          class="shortName"
        >
          ntps
        </td>
        <td
          class="fullName"
        >
          ntpSources
        </td>
        <td
          class="cgiName"
        >
          ntp_servers
        </td>
      </tr>
      <tr
        id="opt_patch"
      >
        <td
          class="shortName"
        >
          patch
        </td>
        <td
          class="fullName"
        >
          patch
        </td>
        <td
          class="cgiName"
        >
          patch
        </td>
      </tr>
      <tr
        id="opt_pff"
      >
        <td
          class="shortName"
        >
          pff
        </td>
        <td
          class="fullName"
        >
          piff
        </td>
        <td
          class="cgiName"
        >
          playready__piff
        </td>
      </tr>
      <tr
        id="opt_pinCoun"
      >
        <td
          class="shortName"
        >
          pinCoun
        </td>
        <td
          class="fullName"
        >
          count
        </td>
        <td
          class="cgiName"
        >
          ping__count
        </td>
      </tr>
      <tr
        id="opt_pinDura"
      >
        <td
          class="shortName"
        >
          pinDura
        </td>
        <td
          class="fullName"
        >
          duration
        </td>
        <td
          class="cgiName"
        >
          ping__duration
        </td>
      </tr>
      <tr
        id="opt_pinInba"
      >
        <td
          class="shortName"
        >
          pinInba
        </td>
        <td
          class="fullName"
        >
          inband
        </td>
        <td
          class="cgiName"
        >
          ping__inband
        </td>
      </tr>
      <tr
        id="opt_pinInte"
      >
        <td
          class="shortName"
        >
          pinInte
        </td>
        <td
          class="fullName"
        >
          interval
        </td>
        <td
          class="cgiName"
        >
          ping__interval
        </td>
      </tr>
      <tr
        id="opt_pinStar"
      >
        <td
          class="shortName"
        >
          pinStar
        </td>
        <td
          class="fullName"
        >
          start
        </td>
        <td
          class="cgiName"
        >
          ping__start
        </td>
      </tr>
      <tr
        id="opt_pinTime"
      >
        <td
          class="shortName"
        >
          pinTime
        </td>
        <td
          class="fullName"
        >
          timescale
        </td>
        <td
          class="cgiName"
        >
          ping__timescale
        </td>
      </tr>
      <tr
        id="opt_pinValu"
      >
        <td
          class="shortName"
        >
          pinValu
        </td>
        <td
          class="fullName"
        >
          value
        </td>
        <td
          class="cgiName"
        >
          ping__value
        </td>
      </tr>
      <tr
        id="opt_pinVers"
      >
        <td
          class="shortName"
        >
          pinVers
        </td>
        <td
          class="fullName"
        >
          version
        </td>
        <td
          class="cgiName"
        >
          ping__version
        </td>
      </tr>
      <tr
        id="opt_playready__drmloc"
      >
        <td
          class="shortName"
        >
          playready__drmloc
        </td>
        <td
          class="fullName"
        >
          drmloc
        </td>
        <td
          class="cgiName"
        >
          playready__drmloc
        </td>
      </tr>
      <tr
        id="opt_playready__enabled"
      >
        <td
          class="shortName"
        >
          playready__enabled
        </td>
        <td
          class="fullName"
        >
          enabled
        </td>
        <td
          class="cgiName"
        >
          playready__enabled
        </td>
      </tr>
      <tr
        id="opt_plu"
      >
        <td
          class="shortName"
        >
          plu
        </td>
        <td
          class="fullName"
        >
          licenseUrl
        </td>
        <td
          class="cgiName"
        >
          playready__la_url
        </td>
      </tr>
      <tr
        id="opt_pvn"
      >
        <td
          class="shortName"
        >
          pvn
        </td>
        <td
          class="fullName"
        >
          version
        </td>
        <td
          class="cgiName"
        >
          playready__version
        </td>
      </tr>
      <tr
        id="opt_sctCoun"
      >
        <td
          class="shortName"
        >
          sctCoun
        </td>
        <td
          class="fullName"
        >
          count
        </td>
        <td
          class="cgiName"
        >
          scte35__count
        </td>
      </tr>
      <tr
        id="opt_sctDura"
      >
        <td
          class="shortName"
        >
          sctDura
        </td>
        <td
          class="fullName"
        >
          duration
        </td>
        <td
          class="cgiName"
        >
          scte35__duration
        </td>
      </tr>
      <tr
        id="opt_sctInba"
      >
        <td
          class="shortName"
        >
          sctInba
        </td>
        <td
          class="fullName"
        >
          inband
        </td>
        <td
          class="cgiName"
        >
          scte35__inband
        </td>
      </tr>
      <tr
        id="opt_sctInte"
      >
        <td
          class="shortName"
        >
          sctInte
        </td>
        <td
          class="fullName"
        >
          interval
        </td>
        <td
          class="cgiName"
        >
          scte35__interval
        </td>
      </tr>
      <tr
        id="opt_sctProg"
      >
        <td
          class="shortName"
        >
          sctProg
        </td>
        <td
          class="fullName"
        >
          program_id
        </td>
        <td
          class="cgiName"
        >
          scte35__program_id
        </td>
      </tr>
      <tr
        id="opt_sctStar"
      >
        <td
          class="shortName"
        >
          sctStar
        </td>
        <td
          class="fullName"
        >
          start
        </td>
        <td
          class="cgiName"
        >
          scte35__start
        </td>
      </tr>
      <tr
        id="opt_sctTime"
      >
        <td
          class="shortName"
        >
          sctTime
        </td>
        <td
          class="fullName"
        >
          timescale
        </td>
        <td
          class="cgiName"
        >
          scte35__timescale
        </td>
      </tr>
      <tr
        id="opt_sctValu"
      >
        <td
          class="shortName"
        >
          sctValu
        </td>
        <td
          class="fullName"
        >
          value
        </td>
        <td
          class="cgiName"
        >
          scte35__value
        </td>
      </tr>
      <tr
        id="opt_sctVers"
      >
        <td
          class="shortName"
        >
          sctVers
        </td>
        <td
          class="fullName"
        >
          version
        </td>
        <td
          class="cgiName"
        >
          scte35__version
        </td>
      </tr>
      <tr
        id="opt_st"
      >
        <td
          class="shortName"
        >
          st
        </td>
        <td
          class="fullName"
        >
          segmentTimeline
        </td>
        <td
          class="cgiName"
        >
          timeline
        </td>
      </tr>
      <tr
        id="opt_tbd"
      >
        <td
          class="shortName"
        >
          tbd
        </td>
        <td
          class="fullName"
        >
          timeShiftBufferDepth
        </td>
        <td
          class="cgiName"
        >
          depth
        </td>
      </tr>
      <tr
        id="opt_tc"
      >
        <td
          class="shortName"
        >
          tc
        </td>
        <td
          class="fullName"
        >
          textCodec
        </td>
        <td
          class="cgiName"
        >
          tcodec
        </td>
      </tr>
      <tr
        id="opt_tl"
      >
        <td
          class="shortName"
        >
          tl
        </td>
        <td
          class="fullName"
        >
          textLanguage
        </td>
        <td
          class="cgiName"
        >
          tlang
        </td>
      </tr>
      <tr
        id="opt_utc"
      >
        <td
          class="shortName"
        >
          utc
        </td>
        <td
          class="fullName"
        >
          utcMethod
        </td>
        <td
          class="cgiName"
        >
          time
        </td>
      </tr>
      <tr
        id="opt_vp"
      >
        <td
          class="shortName"
        >
          vp
        </td>
        <td
          class="fullName"
        >
          videoPlayer
        </td>
        <td
          class="cgiName"
        >
          player
        </td>
      </tr>
    </tbody>
  </table>
</DocumentFragment>
`;
