// Vitest Snapshot v1, https://vitest.dev/guide/snapshot.html

exports[`VideoPlayerPage > matches snapshot 1`] = `
<DocumentFragment>
  <div
    data-testid="video-player-page"
  >
    <div
      id="vid-window"
    >
      <video
        src="/dash/dash/bbb/hand-made.mpd?player=native"
      />
      <div
        class="subtitles-wrapper"
      >
        <div
          class="subtitles"
        />
      </div>
    </div>
    <div
      id="status"
    >
      <div
        class="play-position"
      >
        00:00:00
      </div>
    </div>
  </div>
</DocumentFragment>
`;
