// Vitest Snapshot v1, https://vitest.dev/guide/snapshot.html

exports[`VideoPlayerPage > matches snapshot 1`] = `
<DocumentFragment>
  <div
    data-testid="video-player-page"
  >
    <div
      id="vid-window"
    >
      <video
        src="/dash/dash/bbb/hand-made.mpd?player=native"
      />
      <div
        class="subtitles-wrapper"
      >
        <div
          class="subtitles"
        />
      </div>
    </div>
    <div
      id="status"
    />
    <div
      class="d-flex flex-row btn-group border border-secondary"
      data-testid="playback-controls"
      id="playback-controls"
    >
      <button
        class="btn btn-secondary pe-1"
        data-testid="play-pause-btn"
        disabled=""
      >
        <span
          aria-label="play-fill icon"
          class="bi icon bi-play-fill "
          role="img"
        />
      </button>
      <button
        class="btn btn-secondary"
        data-testid="skip-back-btn"
        disabled=""
      >
        <span
          aria-label="skip-backward-fill icon"
          class="bi icon bi-skip-backward-fill "
          role="img"
        />
      </button>
      <button
        class="btn btn-secondary"
        data-testid="stop-btn"
        disabled=""
      >
        <span
          aria-label="stop-fill icon"
          class="bi icon bi-stop-fill "
          role="img"
        />
      </button>
      <button
        class="btn btn-secondary"
        data-testid="skip-fwd-btn"
        disabled=""
      >
        <span
          aria-label="skip-forward-fill icon"
          class="bi icon bi-skip-forward-fill "
          role="img"
        />
      </button>
      <div
        class="btn-group dropup"
      >
        <button
          aria-expanded="false"
          class="btn btn-secondary dropdown-toggle"
          data-testid="track-track-toggle"
        >
          <span
            aria-label="badge-cc icon"
            class="bi icon bi-badge-cc "
            role="img"
          />
        </button>
        <ul
          class="dropdown-menu "
          style=""
        >
          <li>
            <button
              class="dropdown-item fw-bold"
            >
              - off -
              <div
                class="float-end"
              >
                <span
                  class="bool-yes"
                >
                  ✓
                </span>
              </div>
            </button>
          </li>
        </ul>
      </div>
      <div
        class="play-position flex-grow-1"
      >
        00:00:00
      </div>
    </div>
  </div>
</DocumentFragment>
`;
