// Vitest Snapshot v1, https://vitest.dev/guide/snapshot.html

exports[`HomePage > matches snapshot 1`] = `
<DocumentFragment>
  <div>
    <div
      class="manifest-url rounded border"
    >
      <form
        id="mpd-form"
      >
        <div
          class="form-group d-flex flex-row row-field-title"
        >
          <label
            class="col-form-label fw-semibold me-1"
            for="id_mpd_url"
          >
            MPD URL :
          </label>
          <div
            class="flex-fill"
          >
            <input
              class="form-control d-none"
              id="id_mpd_url"
              name="mpd_url"
              type="text"
            />
            <a
              class="link link-underline-opacity-25"
              href="http://localhost:3000/dash/vod/bbb/hand_made.mpd"
              id="dashurl"
            >
              /dash/vod/bbb/hand_made.mpd
            </a>
          </div>
        </div>
      </form>
    </div>
    <div
      id="with-modules"
    >
      <div
        class="d-flex flex-row align-self-stretch pb-3"
      >
        <div
          class="play-button flex-fill text-center"
        >
          <a
            class="btn btn-lg btn-primary"
            href="http://localhost:3000/play/vod/bbb/hand_made/index.html"
          >
            <span
              aria-label="play-fill icon"
              class="bi icon bi-play-fill "
              role="img"
            />
            <span
              class="title ps-2"
            >
              Play Big Buck Bunny
            </span>
          </a>
        </div>
        <div
          class="view-manifest-button flex-fill text-center"
        >
          <button
            class="btn btn-lg btn-primary"
          >
            <span
              aria-label="eyeglasses icon"
              class="bi icon bi-eyeglasses pe-2"
              role="img"
            />
            View Manifest
          </button>
        </div>
        <div
          class="reset-all-button flex-fill text-center"
        >
          <button
            class="btn btn-lg btn-primary"
          >
            <span
              aria-label="trash3-fill icon"
              class="bi icon bi-trash3-fill pe-2"
              role="img"
            />
            Reset Options
          </button>
        </div>
      </div>
      <form
        name="mpsOptions"
      >
        <div
          class="accordion mb-4"
        >
          <div
            class="accordion-item"
            data-name="general"
            id="group-general"
          >
            <div
              class="accordion-header"
            >
              <button
                aria-controls="model-group-0"
                aria-expanded="true"
                class="accordion-button"
                type="button"
              >
                General Options
              </button>
            </div>
            <div
              class="accordion-collapse collapse p-3 show"
              id="model-group-0"
            >
              <div
                class="row mb-2 form-group "
              >
                <label
                  class="col-2 col-form-label"
                  for="model-mode"
                  id="label-mode"
                >
                  Playback Mode:
                </label>
                <div
                  class="col-10"
                >
                  <div>
                    <div
                      class="form-check"
                    >
                      <input
                        class="form-check-input"
                        id="radio-mode-vod"
                        name="mode"
                        type="radio"
                        value="vod"
                      />
                      <label
                        class="form-check-label"
                        for="radio-mode-vod"
                      >
                        Video On Demand (using live profile)
                      </label>
                    </div>
                    <div
                      class="form-check"
                    >
                      <input
                        class="form-check-input"
                        id="radio-mode-live"
                        name="mode"
                        type="radio"
                        value="live"
                      />
                      <label
                        class="form-check-label"
                        for="radio-mode-live"
                      >
                        Live stream (using live profile)
                      </label>
                    </div>
                    <div
                      class="form-check"
                    >
                      <input
                        class="form-check-input"
                        id="radio-mode-odvod"
                        name="mode"
                        type="radio"
                        value="odvod"
                      />
                      <label
                        class="form-check-label"
                        for="radio-mode-odvod"
                      >
                        Video On Demand (using on-demand profile)
                      </label>
                    </div>
                  </div>
                </div>
                <div
                  class="invalid-feedback"
                  style="display: none;"
                />
              </div>
              <div
                class="row mb-2 form-group "
              >
                <label
                  class="col-2 col-form-label"
                  for="model-manifest"
                  id="label-manifest"
                >
                  Manifest:
                </label>
                <div
                  class="col-5"
                >
                  <select
                    aria-describedby="text-manifest"
                    class="form-select "
                    id="model-manifest"
                    name="manifest"
                    title="Manifest"
                    type="select"
                  >
                    <option
                      value="hand_made.mpd"
                    >
                      Hand-made manifest
                    </option>
                    <option
                      value="manifest_a.mpd"
                    >
                      Vendor A live profile
                    </option>
                    <option
                      value="manifest_b.mpd"
                    >
                      Vendor B VOD using live profile
                    </option>
                    <option
                      value="manifest_e.mpd"
                    >
                      Vendor E live profile
                    </option>
                    <option
                      value="manifest_ef.mpd"
                    >
                      Vendor EF live profile
                    </option>
                    <option
                      value="manifest_h.mpd"
                    >
                      Vendor H live profile
                    </option>
                    <option
                      value="manifest_i.mpd"
                    >
                      Vendor I live profile
                    </option>
                    <option
                      value="manifest_n.mpd"
                    >
                      Provider N live profile
                    </option>
                    <option
                      value="manifest_vod_aiv.mpd"
                    >
                      AIV on demand profile
                    </option>
                  </select>
                </div>
                <div
                  class="col-5 form-text"
                  id="text-manifest"
                >
                  Manifest template to use
                </div>
                <div
                  class="invalid-feedback"
                  style="display: none;"
                />
              </div>
              <div
                class="row mb-2 form-group "
              >
                <label
                  class="col-2 col-form-label"
                  for="model-stream"
                  id="label-stream"
                >
                  Stream:
                </label>
                <div
                  class="col-5"
                >
                  <select
                    aria-describedby="text-stream"
                    class="form-select "
                    id="model-stream"
                    name="stream"
                    title="Stream"
                    type="select"
                  >
                    <option
                      value="std.bbb"
                    >
                      Big Buck Bunny
                    </option>
                    <option
                      value="std.tears"
                    >
                      Tears of Steel
                    </option>
                    <option
                      value="mps.second"
                    >
                      a second example
                    </option>
                    <option
                      value="mps.demo"
                    >
                      first title
                    </option>
                  </select>
                </div>
                <div
                  class="col-5 form-text"
                  id="text-stream"
                >
                  Stream to play
                </div>
                <div
                  class="invalid-feedback"
                  style="display: none;"
                />
              </div>
              <div
                class="row mb-2 form-group "
              >
                <label
                  class="col-2 col-form-label"
                  for="model-drms"
                  id="label-drms"
                >
                  DRM systems:
                </label>
                <div
                  class="col-5"
                >
                  <div
                    class="form-check form-switch "
                    data-testid="msi-drms"
                  >
                    <div
                      class="form-check form-check-inline"
                    >
                      <input
                        class="form-check-input"
                        id="msiclearkey"
                        name="clearkey"
                        type="checkbox"
                      />
                      <label
                        class="form-check-label me-3"
                        for="msiclearkey"
                      >
                        clearkey
                      </label>
                    </div>
                    <div
                      class="form-check form-check-inline"
                    >
                      <input
                        class="form-check-input"
                        id="msimarlin"
                        name="marlin"
                        type="checkbox"
                      />
                      <label
                        class="form-check-label me-3"
                        for="msimarlin"
                      >
                        marlin
                      </label>
                    </div>
                    <div
                      class="form-check form-check-inline"
                    >
                      <input
                        class="form-check-input"
                        id="msiplayready"
                        name="playready"
                        type="checkbox"
                      />
                      <label
                        class="form-check-label me-3"
                        for="msiplayready"
                      >
                        playready
                      </label>
                    </div>
                  </div>
                </div>
                <div
                  class="col-5 form-text"
                  id="text-drms"
                >
                  DRM systems to enable for encrypted AdaptationSets
                </div>
                <div
                  class="invalid-feedback"
                  style="display: none;"
                />
              </div>
              <div
                class="row mb-2 form-group "
              >
                <label
                  class="col-2 col-form-label"
                  for="model-abr"
                  id="label-abr"
                >
                  Adaptive bitrate:
                </label>
                <div
                  class="col-5"
                >
                  <input
                    aria-describedby="text-abr"
                    class="form-check-input "
                    id="model-abr"
                    name="abr"
                    title="Adaptive bitrate"
                    type="checkbox"
                  />
                </div>
                <div
                  class="col-5 form-text"
                  id="text-abr"
                >
                  Enable or disable adaptive bitrate
                </div>
                <div
                  class="invalid-feedback"
                  style="display: none;"
                />
              </div>
              <div
                class="row mb-2 form-group "
              >
                <label
                  class="col-2 col-form-label"
                  for="model-acodec"
                  id="label-acodec"
                >
                  Audio Codec:
                </label>
                <div
                  class="col-5"
                >
                  <select
                    aria-describedby="text-acodec"
                    class="form-select "
                    id="model-acodec"
                    name="acodec"
                    title="Audio Codec"
                    type="select"
                  >
                    <option
                      value="mp4a"
                    >
                      HEAAC codec
                    </option>
                    <option
                      value="ec-3"
                    >
                      EAC3 codec
                    </option>
                    <option
                      value="any"
                    >
                      Any codec
                    </option>
                  </select>
                </div>
                <div
                  class="col-5 form-text"
                  id="text-acodec"
                >
                  Filter audio adaptation sets by audio codec (AAC or E-AC3)
                </div>
                <div
                  class="invalid-feedback"
                  style="display: none;"
                />
              </div>
              <div
                class="row mb-2 form-group "
              >
                <label
                  class="col-2 col-form-label"
                  for="model-events"
                  id="label-events"
                >
                  DASH events:
                </label>
                <div
                  class="col-5"
                >
                  <select
                    aria-describedby="text-events"
                    class="form-select "
                    id="model-events"
                    name="events"
                    title="DASH events"
                    type="select"
                  >
                    <option
                      value=""
                    >
                      --
                    </option>
                    <option
                      value="ping"
                    >
                      ping
                    </option>
                    <option
                      value="scte35"
                    >
                      scte35
                    </option>
                  </select>
                </div>
                <div
                  class="col-5 form-text"
                  id="text-events"
                >
                  A comma separated list of event formats
                </div>
                <div
                  class="invalid-feedback"
                  style="display: none;"
                />
              </div>
              <div
                class="row mb-2 form-group "
              >
                <label
                  class="col-2 col-form-label"
                  for="model-timeline"
                  id="label-timeline"
                >
                  Segment timeline:
                </label>
                <div
                  class="col-5"
                >
                  <input
                    aria-describedby="text-timeline"
                    class="form-check-input "
                    id="model-timeline"
                    name="timeline"
                    title="Segment timeline"
                    type="checkbox"
                  />
                </div>
                <div
                  class="col-5 form-text"
                  id="text-timeline"
                >
                  Enable or disable segment timeline
                </div>
                <div
                  class="invalid-feedback"
                  style="display: none;"
                />
              </div>
              <div
                class="row mb-2 form-group "
              >
                <label
                  class="col-2 col-form-label"
                  for="model-time"
                  id="label-time"
                >
                  UTC timing method:
                </label>
                <div
                  class="col-5"
                >
                  <select
                    aria-describedby="text-time"
                    class="form-select "
                    id="model-time"
                    name="time"
                    title="UTC timing method"
                    type="select"
                  >
                    <option
                      value=""
                    >
                      --
                    </option>
                    <option
                      value="direct"
                    >
                      direct
                    </option>
                    <option
                      value="head"
                    >
                      head
                    </option>
                    <option
                      value="http-ntp"
                    >
                      http-ntp
                    </option>
                    <option
                      value="iso"
                    >
                      iso
                    </option>
                    <option
                      value="ntp"
                    >
                      ntp
                    </option>
                    <option
                      value="sntp"
                    >
                      sntp
                    </option>
                    <option
                      value="xsd"
                    >
                      xsd
                    </option>
                  </select>
                </div>
                <div
                  class="col-5 form-text"
                  id="text-time"
                >
                  Select UTCTiming element method.
                </div>
                <div
                  class="invalid-feedback"
                  style="display: none;"
                />
              </div>
              <div
                class="row mb-2 form-group "
              >
                <label
                  class="col-2 col-form-label"
                  for="model-player"
                  id="label-player"
                >
                  Video Player:
                </label>
                <div
                  class="col-5"
                >
                  <select
                    aria-describedby="text-player"
                    class="form-select "
                    id="model-player"
                    name="player"
                    title="Video Player"
                    type="select"
                  >
                    <option
                      value="native"
                    >
                      Native video element
                    </option>
                    <option
                      value="dashjs"
                    >
                      dash.js
                    </option>
                    <option
                      value="shaka"
                    >
                      Shaka
                    </option>
                  </select>
                </div>
                <div
                  class="col-5 form-text"
                  id="text-player"
                >
                  Native or MSE playback control
                </div>
                <div
                  class="invalid-feedback"
                  style="display: none;"
                />
              </div>
            </div>
          </div>
          <div
            class="accordion-item"
            data-name="advanced"
            id="group-advanced"
          >
            <div
              class="accordion-header"
            >
              <button
                aria-controls="model-group-1"
                aria-expanded="false"
                class="accordion-button collapsed"
                type="button"
              >
                Advanced Options
              </button>
            </div>
            <div
              class="accordion-collapse collapse p-3"
              id="model-group-1"
            >
              <div
                class="row mb-2 form-group "
              >
                <label
                  class="col-2 col-form-label"
                  for="model-ad_audio"
                  id="label-ad_audio"
                >
                  Audio Description:
                </label>
                <div
                  class="col-5"
                >
                  <input
                    aria-describedby="text-ad_audio"
                    class="form-control "
                    id="model-ad_audio"
                    name="ad_audio"
                    title="Audio Description"
                    type="audio_representation"
                  />
                </div>
                <div
                  class="col-5 form-text"
                  id="text-ad_audio"
                >
                  Select audio AdaptationSet that will be marked as a broadcast-mix audio description track
                </div>
                <div
                  class="invalid-feedback"
                  style="display: none;"
                />
              </div>
              <div
                class="row mb-2 form-group "
              >
                <label
                  class="col-2 col-form-label"
                  for="model-start"
                  id="label-start"
                >
                  Availability start time:
                </label>
                <div
                  class="col-5"
                >
                  <input
                    aria-describedby="text-start"
                    class="form-control "
                    id="model-start"
                    list="list-start"
                    name="start"
                    title="Availability start time"
                    type="text"
                  />
                  <datalist
                    id="list-start"
                  >
                    <option
                      value="year"
                    >
                      year
                    </option>
                    <option
                      value="today"
                    >
                      today
                    </option>
                    <option
                      value="month"
                    >
                      month
                    </option>
                    <option
                      value="epoch"
                    >
                      epoch
                    </option>
                    <option
                      value="now"
                    >
                      now
                    </option>
                  </datalist>
                </div>
                <div
                  class="col-5 form-text"
                  id="text-start"
                >
                  Sets availabilityStartTime for live streams
                </div>
                <div
                  class="invalid-feedback"
                  style="display: none;"
                />
              </div>
              <div
                class="row mb-2 form-group "
              >
                <label
                  class="col-2 col-form-label"
                  for="model-bugs"
                  id="label-bugs"
                >
                  Bug compatibility:
                </label>
                <div
                  class="col-5"
                >
                  <select
                    aria-describedby="text-bugs"
                    class="form-select "
                    id="model-bugs"
                    name="bugs"
                    title="Bug compatibility"
                    type="select"
                  >
                    <option
                      value=""
                    >
                      --
                    </option>
                    <option
                      value="saio"
                    >
                      saio
                    </option>
                  </select>
                </div>
                <div
                  class="col-5 form-text"
                  id="text-bugs"
                >
                  Produce a stream with known bugs
                </div>
                <div
                  class="invalid-feedback"
                  style="display: none;"
                />
              </div>
              <div
                class="row mb-2 form-group "
              >
                <label
                  class="col-2 col-form-label"
                  for="model-drift"
                  id="label-drift"
                >
                  Clock drift:
                </label>
                <div
                  class="col-5"
                >
                  <input
                    aria-describedby="text-drift"
                    class="form-control "
                    id="model-drift"
                    name="drift"
                    title="Clock drift"
                    type="number"
                  />
                </div>
                <div
                  class="col-5 form-text"
                  id="text-drift"
                >
                  Number of seconds of delay to add to wall clock time
                </div>
                <div
                  class="invalid-feedback"
                  style="display: none;"
                />
              </div>
              <div
                class="row mb-2 form-group "
              >
                <label
                  class="col-2 col-form-label"
                  for="model-leeway"
                  id="label-leeway"
                >
                  Fragment expiration leeway:
                </label>
                <div
                  class="col-5"
                >
                  <input
                    aria-describedby="text-leeway"
                    class="form-control "
                    id="model-leeway"
                    list="list-leeway"
                    name="leeway"
                    title="Fragment expiration leeway"
                    type="number"
                  />
                  <datalist
                    id="list-leeway"
                  >
                    <option
                      value="16"
                    >
                      16
                    </option>
                    <option
                      value="60"
                    >
                      60
                    </option>
                    <option
                      value="0"
                    >
                      0
                    </option>
                  </datalist>
                </div>
                <div
                  class="col-5 form-text"
                  id="text-leeway"
                >
                  Number of seconds after a fragment has expired before it becomes unavailable
                </div>
                <div
                  class="invalid-feedback"
                  style="display: none;"
                />
              </div>
              <div
                class="row mb-2 form-group "
              >
                <label
                  class="col-2 col-form-label"
                  for="model-main_audio"
                  id="label-main_audio"
                >
                  Main audio track:
                </label>
                <div
                  class="col-5"
                >
                  <input
                    aria-describedby="text-main_audio"
                    class="form-control "
                    id="model-main_audio"
                    name="main_audio"
                    title="Main audio track"
                    type="audio_representation"
                  />
                </div>
                <div
                  class="col-5 form-text"
                  id="text-main_audio"
                >
                  Select audio AdaptationSet that will be given the "main" role
                </div>
                <div
                  class="invalid-feedback"
                  style="display: none;"
                />
              </div>
              <div
                class="row mb-2 form-group "
              >
                <label
                  class="col-2 col-form-label"
                  for="model-main_text"
                  id="label-main_text"
                >
                  Main text track:
                </label>
                <div
                  class="col-5"
                >
                  <input
                    aria-describedby="text-main_text"
                    class="form-control "
                    id="model-main_text"
                    name="main_text"
                    title="Main text track"
                    type="text_representation"
                  />
                </div>
                <div
                  class="col-5 form-text"
                  id="text-main_text"
                >
                  Select text AdaptationSet that will be given the "main" role
                </div>
                <div
                  class="invalid-feedback"
                  style="display: none;"
                />
              </div>
              <div
                class="row mb-2 form-group "
              >
                <label
                  class="col-2 col-form-label"
                  for="model-mup"
                  id="label-mup"
                >
                  Minimum update period:
                </label>
                <div
                  class="col-5"
                >
                  <input
                    aria-describedby="text-mup"
                    class="form-control "
                    id="model-mup"
                    list="list-mup"
                    name="mup"
                    title="Minimum update period"
                    type="number"
                  />
                  <datalist
                    id="list-mup"
                  >
                    <option
                      value=""
                    >
                      Every 2 fragments
                    </option>
                    <option
                      value="-1"
                    >
                      Never
                    </option>
                    <option
                      value="4"
                    >
                      Every fragment
                    </option>
                    <option
                      value="30"
                    >
                      Every 30 seconds
                    </option>
                  </datalist>
                </div>
                <div
                  class="col-5 form-text"
                  id="text-mup"
                >
                  Specify minimumUpdatePeriod (in seconds) or -1 to disable updates
                </div>
                <div
                  class="invalid-feedback"
                  style="display: none;"
                />
              </div>
              <div
                class="row mb-2 form-group "
              >
                <label
                  class="col-2 col-form-label"
                  for="model-ntp_servers"
                  id="label-ntp_servers"
                >
                  NTP time servers:
                </label>
                <div
                  class="col-5"
                >
                  <select
                    aria-describedby="text-ntp_servers"
                    class="form-select "
                    id="model-ntp_servers"
                    name="ntp_servers"
                    title="NTP time servers"
                    type="select"
                  >
                    <option
                      value=""
                    >
                      --
                    </option>
                    <option
                      value="europe-ntp"
                    >
                      europe-ntp
                    </option>
                    <option
                      value="google"
                    >
                      google
                    </option>
                  </select>
                </div>
                <div
                  class="col-5 form-text"
                  id="text-ntp_servers"
                >
                  List of servers to use for NTP requests
                </div>
                <div
                  class="invalid-feedback"
                  style="display: none;"
                />
              </div>
              <div
                class="row mb-2 form-group "
              >
                <label
                  class="col-2 col-form-label"
                  for="model-tcodec"
                  id="label-tcodec"
                >
                  Text Codec:
                </label>
                <div
                  class="col-5"
                >
                  <select
                    aria-describedby="text-tcodec"
                    class="form-select "
                    id="model-tcodec"
                    name="tcodec"
                    title="Text Codec"
                    type="select"
                  >
                    <option
                      value=""
                    >
                      Any codec
                    </option>
                    <option
                      value="im1t|etd1"
                    >
                      im1t codec
                    </option>
                  </select>
                </div>
                <div
                  class="col-5 form-text"
                  id="text-tcodec"
                >
                  Filter text adaptation sets by text codec
                </div>
                <div
                  class="invalid-feedback"
                  style="display: none;"
                />
              </div>
              <div
                class="row mb-2 form-group "
              >
                <label
                  class="col-2 col-form-label"
                  for="model-tlang"
                  id="label-tlang"
                >
                  Text Language:
                </label>
                <div
                  class="col-5"
                >
                  <input
                    aria-describedby="text-tlang"
                    class="form-control "
                    id="model-tlang"
                    name="tlang"
                    title="Text Language"
                    type=""
                  />
                </div>
                <div
                  class="col-5 form-text"
                  id="text-tlang"
                >
                  Filter text adaptation sets by language
                </div>
                <div
                  class="invalid-feedback"
                  style="display: none;"
                />
              </div>
              <div
                class="row mb-2 form-group "
              >
                <label
                  class="col-2 col-form-label"
                  for="model-base"
                  id="label-base"
                >
                  Use BaseURLs:
                </label>
                <div
                  class="col-5"
                >
                  <input
                    aria-describedby="text-base"
                    class="form-check-input "
                    id="model-base"
                    name="base"
                    title="Use BaseURLs"
                    type="checkbox"
                  />
                </div>
                <div
                  class="col-5 form-text"
                  id="text-base"
                >
                  Include a BaseURL element?
                </div>
                <div
                  class="invalid-feedback"
                  style="display: none;"
                />
              </div>
              <div
                class="row mb-2 form-group "
              >
                <label
                  class="col-2 col-form-label"
                  for="model-patch"
                  id="label-patch"
                >
                  Use MPD patches:
                </label>
                <div
                  class="col-5"
                >
                  <input
                    aria-describedby="text-patch"
                    class="form-check-input "
                    id="model-patch"
                    name="patch"
                    title="Use MPD patches"
                    type="checkbox"
                  />
                </div>
                <div
                  class="col-5 form-text"
                  id="text-patch"
                >
                  Use MPD patches for live streams
                </div>
                <div
                  class="invalid-feedback"
                  style="display: none;"
                />
              </div>
              <div
                class="row mb-2 form-group "
              >
                <label
                  class="col-2 col-form-label"
                  for="model-depth"
                  id="label-depth"
                >
                  timeShiftBufferDepth size:
                </label>
                <div
                  class="col-5"
                >
                  <input
                    aria-describedby="text-depth"
                    class="form-control "
                    id="model-depth"
                    list="list-depth"
                    name="depth"
                    title="timeShiftBufferDepth size"
                    type="number"
                  />
                  <datalist
                    id="list-depth"
                  >
                    <option
                      value="1800"
                    >
                      1800
                    </option>
                    <option
                      value="30"
                    >
                      30
                    </option>
                  </datalist>
                </div>
                <div
                  class="col-5 form-text"
                  id="text-depth"
                >
                  Number of seconds for timeShiftBufferDepth
                </div>
                <div
                  class="invalid-feedback"
                  style="display: none;"
                />
              </div>
            </div>
          </div>
          <div
            class="accordion-item"
            data-name="clearkey"
            id="group-clearkey"
          >
            <div
              class="accordion-header"
            >
              <button
                aria-controls="model-group-2"
                aria-expanded="false"
                class="accordion-button collapsed"
                type="button"
              >
                Clearkey Options
              </button>
            </div>
            <div
              class="accordion-collapse collapse p-3"
              id="model-group-2"
            >
              <div
                class="row mb-2 form-group "
              >
                <label
                  class="col-2 col-form-label"
                  for="model-clearkey__la_url"
                  id="label-clearkey__la_url"
                >
                  Clearkey LA_URL:
                </label>
                <div
                  class="col-5"
                >
                  <input
                    aria-describedby="text-clearkey__la_url"
                    class="form-control "
                    id="model-clearkey__la_url"
                    name="clearkey__la_url"
                    title="Clearkey LA_URL"
                    type=""
                  />
                </div>
                <div
                  class="col-5 form-text"
                  id="text-clearkey__la_url"
                >
                  Override the Clearkey license URL field
                </div>
                <div
                  class="invalid-feedback"
                  style="display: none;"
                />
              </div>
              <div
                class="row mb-2 form-group "
              >
                <label
                  class="col-2 col-form-label"
                  for="model-clearkey__drmloc"
                  id="label-clearkey__drmloc"
                >
                  Clearkey location:
                </label>
                <div
                  class="col-5"
                >
                  <select
                    aria-describedby="text-clearkey__drmloc"
                    class="form-select "
                    id="model-clearkey__drmloc"
                    name="clearkey__drmloc"
                    title="Clearkey location"
                    type="select"
                  >
                    <option
                      value=""
                    >
                      All locations
                    </option>
                    <option
                      value="pro"
                    >
                      mspr:pro element in MPD
                    </option>
                    <option
                      value="cenc"
                    >
                      dash:cenc element in MPD
                    </option>
                    <option
                      value="moov"
                    >
                      PSSH in init segment
                    </option>
                    <option
                      value="cenc-pro"
                    >
                      mspr:pro + dash:cenc in MPD
                    </option>
                    <option
                      value="moov-pro"
                    >
                      mspr:pro MPD + PSSH init
                    </option>
                    <option
                      value="cenc-moov"
                    >
                      dash:cenc MPD + PSSH init
                    </option>
                  </select>
                </div>
                <div
                  class="col-5 form-text"
                  id="text-clearkey__drmloc"
                >
                  Location to place DRM data
                </div>
                <div
                  class="invalid-feedback"
                  style="display: none;"
                />
              </div>
            </div>
          </div>
          <div
            class="accordion-item"
            data-name="marlin"
            id="group-marlin"
          >
            <div
              class="accordion-header"
            >
              <button
                aria-controls="model-group-3"
                aria-expanded="false"
                class="accordion-button collapsed"
                type="button"
              >
                Marlin Options
              </button>
            </div>
            <div
              class="accordion-collapse collapse p-3"
              id="model-group-3"
            >
              <div
                class="row mb-2 form-group "
              >
                <label
                  class="col-2 col-form-label"
                  for="model-marlin__la_url"
                  id="label-marlin__la_url"
                >
                  Marlin LA_URL:
                </label>
                <div
                  class="col-5"
                >
                  <input
                    aria-describedby="text-marlin__la_url"
                    class="form-control "
                    id="model-marlin__la_url"
                    name="marlin__la_url"
                    title="Marlin LA_URL"
                    type=""
                  />
                </div>
                <div
                  class="col-5 form-text"
                  id="text-marlin__la_url"
                >
                  Override the Marlin S-URL field
                </div>
                <div
                  class="invalid-feedback"
                  style="display: none;"
                />
              </div>
              <div
                class="row mb-2 form-group "
              >
                <label
                  class="col-2 col-form-label"
                  for="model-marlin__drmloc"
                  id="label-marlin__drmloc"
                >
                  Marlin location:
                </label>
                <div
                  class="col-5"
                >
                  <select
                    aria-describedby="text-marlin__drmloc"
                    class="form-select "
                    id="model-marlin__drmloc"
                    name="marlin__drmloc"
                    title="Marlin location"
                    type="select"
                  >
                    <option
                      value=""
                    >
                      All locations
                    </option>
                    <option
                      value="pro"
                    >
                      mspr:pro element in MPD
                    </option>
                    <option
                      value="cenc"
                    >
                      dash:cenc element in MPD
                    </option>
                    <option
                      value="moov"
                    >
                      PSSH in init segment
                    </option>
                    <option
                      value="cenc-pro"
                    >
                      mspr:pro + dash:cenc in MPD
                    </option>
                    <option
                      value="moov-pro"
                    >
                      mspr:pro MPD + PSSH init
                    </option>
                    <option
                      value="cenc-moov"
                    >
                      dash:cenc MPD + PSSH init
                    </option>
                  </select>
                </div>
                <div
                  class="col-5 form-text"
                  id="text-marlin__drmloc"
                >
                  Location to place DRM data
                </div>
                <div
                  class="invalid-feedback"
                  style="display: none;"
                />
              </div>
            </div>
          </div>
          <div
            class="accordion-item"
            data-name="ping"
            id="group-ping"
          >
            <div
              class="accordion-header"
            >
              <button
                aria-controls="model-group-4"
                aria-expanded="false"
                class="accordion-button collapsed"
                type="button"
              >
                Ping Options
              </button>
            </div>
            <div
              class="accordion-collapse collapse p-3"
              id="model-group-4"
            >
              <div
                class="row mb-2 form-group "
              >
                <label
                  class="col-2 col-form-label"
                  for="model-ping__count"
                  id="label-ping__count"
                >
                  Ping count:
                </label>
                <div
                  class="col-10"
                >
                  <input
                    aria-describedby="label-ping__count"
                    class="form-control "
                    id="model-ping__count"
                    name="ping__count"
                    title="Ping count"
                    type="number"
                  />
                </div>
                <div
                  class="invalid-feedback"
                  style="display: none;"
                />
              </div>
              <div
                class="row mb-2 form-group "
              >
                <label
                  class="col-2 col-form-label"
                  for="model-ping__duration"
                  id="label-ping__duration"
                >
                  Ping duration:
                </label>
                <div
                  class="col-10"
                >
                  <input
                    aria-describedby="label-ping__duration"
                    class="form-control "
                    id="model-ping__duration"
                    name="ping__duration"
                    title="Ping duration"
                    type="number"
                  />
                </div>
                <div
                  class="invalid-feedback"
                  style="display: none;"
                />
              </div>
              <div
                class="row mb-2 form-group "
              >
                <label
                  class="col-2 col-form-label"
                  for="model-ping__inband"
                  id="label-ping__inband"
                >
                  Ping inband:
                </label>
                <div
                  class="col-10"
                >
                  <input
                    aria-describedby="label-ping__inband"
                    class="form-check-input "
                    id="model-ping__inband"
                    name="ping__inband"
                    title="Ping inband"
                    type="checkbox"
                  />
                </div>
                <div
                  class="invalid-feedback"
                  style="display: none;"
                />
              </div>
              <div
                class="row mb-2 form-group "
              >
                <label
                  class="col-2 col-form-label"
                  for="model-ping__interval"
                  id="label-ping__interval"
                >
                  Ping interval:
                </label>
                <div
                  class="col-10"
                >
                  <input
                    aria-describedby="label-ping__interval"
                    class="form-control "
                    id="model-ping__interval"
                    name="ping__interval"
                    title="Ping interval"
                    type="number"
                  />
                </div>
                <div
                  class="invalid-feedback"
                  style="display: none;"
                />
              </div>
              <div
                class="row mb-2 form-group "
              >
                <label
                  class="col-2 col-form-label"
                  for="model-ping__start"
                  id="label-ping__start"
                >
                  Ping start:
                </label>
                <div
                  class="col-10"
                >
                  <input
                    aria-describedby="label-ping__start"
                    class="form-control "
                    id="model-ping__start"
                    name="ping__start"
                    title="Ping start"
                    type="number"
                  />
                </div>
                <div
                  class="invalid-feedback"
                  style="display: none;"
                />
              </div>
              <div
                class="row mb-2 form-group "
              >
                <label
                  class="col-2 col-form-label"
                  for="model-ping__timescale"
                  id="label-ping__timescale"
                >
                  Ping timescale:
                </label>
                <div
                  class="col-10"
                >
                  <input
                    aria-describedby="label-ping__timescale"
                    class="form-control "
                    id="model-ping__timescale"
                    name="ping__timescale"
                    title="Ping timescale"
                    type="number"
                  />
                </div>
                <div
                  class="invalid-feedback"
                  style="display: none;"
                />
              </div>
              <div
                class="row mb-2 form-group "
              >
                <label
                  class="col-2 col-form-label"
                  for="model-ping__value"
                  id="label-ping__value"
                >
                  Ping value:
                </label>
                <div
                  class="col-10"
                >
                  <input
                    aria-describedby="label-ping__value"
                    class="form-control "
                    id="model-ping__value"
                    name="ping__value"
                    title="Ping value"
                    type="text"
                  />
                </div>
                <div
                  class="invalid-feedback"
                  style="display: none;"
                />
              </div>
              <div
                class="row mb-2 form-group "
              >
                <label
                  class="col-2 col-form-label"
                  for="model-ping__version"
                  id="label-ping__version"
                >
                  Ping version:
                </label>
                <div
                  class="col-10"
                >
                  <input
                    aria-describedby="label-ping__version"
                    class="form-control "
                    id="model-ping__version"
                    name="ping__version"
                    title="Ping version"
                    type="number"
                  />
                </div>
                <div
                  class="invalid-feedback"
                  style="display: none;"
                />
              </div>
            </div>
          </div>
          <div
            class="accordion-item"
            data-name="playready"
            id="group-playready"
          >
            <div
              class="accordion-header"
            >
              <button
                aria-controls="model-group-5"
                aria-expanded="false"
                class="accordion-button collapsed"
                type="button"
              >
                Playready Options
              </button>
            </div>
            <div
              class="accordion-collapse collapse p-3"
              id="model-group-5"
            >
              <div
                class="row mb-2 form-group "
              >
                <label
                  class="col-2 col-form-label"
                  for="model-playready__la_url"
                  id="label-playready__la_url"
                >
                  Playready LA_URL:
                </label>
                <div
                  class="col-5"
                >
                  <input
                    aria-describedby="text-playready__la_url"
                    class="form-control "
                    id="model-playready__la_url"
                    name="playready__la_url"
                    title="Playready LA_URL"
                    type=""
                  />
                </div>
                <div
                  class="col-5 form-text"
                  id="text-playready__la_url"
                >
                  Override the Playready LA_URL field
                </div>
                <div
                  class="invalid-feedback"
                  style="display: none;"
                />
              </div>
              <div
                class="row mb-2 form-group "
              >
                <label
                  class="col-2 col-form-label"
                  for="model-playready__piff"
                  id="label-playready__piff"
                >
                  Playready PIFF:
                </label>
                <div
                  class="col-5"
                >
                  <input
                    aria-describedby="text-playready__piff"
                    class="form-check-input "
                    id="model-playready__piff"
                    name="playready__piff"
                    title="Playready PIFF"
                    type="checkbox"
                  />
                </div>
                <div
                  class="col-5 form-text"
                  id="text-playready__piff"
                >
                  Include PIFF sample encryption data
                </div>
                <div
                  class="invalid-feedback"
                  style="display: none;"
                />
              </div>
              <div
                class="row mb-2 form-group "
              >
                <label
                  class="col-2 col-form-label"
                  for="model-playready__version"
                  id="label-playready__version"
                >
                  Playready Version:
                </label>
                <div
                  class="col-5"
                >
                  <select
                    aria-describedby="text-playready__version"
                    class="form-select "
                    id="model-playready__version"
                    name="playready__version"
                    title="Playready Version"
                    type="select"
                  >
                    <option
                      value=""
                    >
                      --
                    </option>
                    <option
                      value="1.0"
                    >
                      1.0
                    </option>
                    <option
                      value="2.0"
                    >
                      2.0
                    </option>
                    <option
                      value="3.0"
                    >
                      3.0
                    </option>
                    <option
                      value="4.0"
                    >
                      4.0
                    </option>
                  </select>
                </div>
                <div
                  class="col-5 form-text"
                  id="text-playready__version"
                >
                  Set the PlayReady version compatibility for this stream
                </div>
                <div
                  class="invalid-feedback"
                  style="display: none;"
                />
              </div>
              <div
                class="row mb-2 form-group "
              >
                <label
                  class="col-2 col-form-label"
                  for="model-playready__drmloc"
                  id="label-playready__drmloc"
                >
                  Playready location:
                </label>
                <div
                  class="col-5"
                >
                  <select
                    aria-describedby="text-playready__drmloc"
                    class="form-select "
                    id="model-playready__drmloc"
                    name="playready__drmloc"
                    title="Playready location"
                    type="select"
                  >
                    <option
                      value=""
                    >
                      All locations
                    </option>
                    <option
                      value="pro"
                    >
                      mspr:pro element in MPD
                    </option>
                    <option
                      value="cenc"
                    >
                      dash:cenc element in MPD
                    </option>
                    <option
                      value="moov"
                    >
                      PSSH in init segment
                    </option>
                    <option
                      value="cenc-pro"
                    >
                      mspr:pro + dash:cenc in MPD
                    </option>
                    <option
                      value="moov-pro"
                    >
                      mspr:pro MPD + PSSH init
                    </option>
                    <option
                      value="cenc-moov"
                    >
                      dash:cenc MPD + PSSH init
                    </option>
                  </select>
                </div>
                <div
                  class="col-5 form-text"
                  id="text-playready__drmloc"
                >
                  Location to place DRM data
                </div>
                <div
                  class="invalid-feedback"
                  style="display: none;"
                />
              </div>
            </div>
          </div>
          <div
            class="accordion-item"
            data-name="scte35"
            id="group-scte35"
          >
            <div
              class="accordion-header"
            >
              <button
                aria-controls="model-group-6"
                aria-expanded="false"
                class="accordion-button collapsed"
                type="button"
              >
                Scte35 Options
              </button>
            </div>
            <div
              class="accordion-collapse collapse p-3"
              id="model-group-6"
            >
              <div
                class="row mb-2 form-group "
              >
                <label
                  class="col-2 col-form-label"
                  for="model-scte35__count"
                  id="label-scte35__count"
                >
                  Scte35 count:
                </label>
                <div
                  class="col-10"
                >
                  <input
                    aria-describedby="label-scte35__count"
                    class="form-control "
                    id="model-scte35__count"
                    name="scte35__count"
                    title="Scte35 count"
                    type="number"
                  />
                </div>
                <div
                  class="invalid-feedback"
                  style="display: none;"
                />
              </div>
              <div
                class="row mb-2 form-group "
              >
                <label
                  class="col-2 col-form-label"
                  for="model-scte35__duration"
                  id="label-scte35__duration"
                >
                  Scte35 duration:
                </label>
                <div
                  class="col-10"
                >
                  <input
                    aria-describedby="label-scte35__duration"
                    class="form-control "
                    id="model-scte35__duration"
                    name="scte35__duration"
                    title="Scte35 duration"
                    type="number"
                  />
                </div>
                <div
                  class="invalid-feedback"
                  style="display: none;"
                />
              </div>
              <div
                class="row mb-2 form-group "
              >
                <label
                  class="col-2 col-form-label"
                  for="model-scte35__inband"
                  id="label-scte35__inband"
                >
                  Scte35 inband:
                </label>
                <div
                  class="col-10"
                >
                  <input
                    aria-describedby="label-scte35__inband"
                    class="form-check-input "
                    id="model-scte35__inband"
                    name="scte35__inband"
                    title="Scte35 inband"
                    type="checkbox"
                  />
                </div>
                <div
                  class="invalid-feedback"
                  style="display: none;"
                />
              </div>
              <div
                class="row mb-2 form-group "
              >
                <label
                  class="col-2 col-form-label"
                  for="model-scte35__interval"
                  id="label-scte35__interval"
                >
                  Scte35 interval:
                </label>
                <div
                  class="col-10"
                >
                  <input
                    aria-describedby="label-scte35__interval"
                    class="form-control "
                    id="model-scte35__interval"
                    name="scte35__interval"
                    title="Scte35 interval"
                    type="number"
                  />
                </div>
                <div
                  class="invalid-feedback"
                  style="display: none;"
                />
              </div>
              <div
                class="row mb-2 form-group "
              >
                <label
                  class="col-2 col-form-label"
                  for="model-scte35__program_id"
                  id="label-scte35__program_id"
                >
                  Scte35 program_id:
                </label>
                <div
                  class="col-10"
                >
                  <input
                    aria-describedby="label-scte35__program_id"
                    class="form-control "
                    id="model-scte35__program_id"
                    name="scte35__program_id"
                    title="Scte35 program_id"
                    type="number"
                  />
                </div>
                <div
                  class="invalid-feedback"
                  style="display: none;"
                />
              </div>
              <div
                class="row mb-2 form-group "
              >
                <label
                  class="col-2 col-form-label"
                  for="model-scte35__start"
                  id="label-scte35__start"
                >
                  Scte35 start:
                </label>
                <div
                  class="col-10"
                >
                  <input
                    aria-describedby="label-scte35__start"
                    class="form-control "
                    id="model-scte35__start"
                    name="scte35__start"
                    title="Scte35 start"
                    type="number"
                  />
                </div>
                <div
                  class="invalid-feedback"
                  style="display: none;"
                />
              </div>
              <div
                class="row mb-2 form-group "
              >
                <label
                  class="col-2 col-form-label"
                  for="model-scte35__timescale"
                  id="label-scte35__timescale"
                >
                  Scte35 timescale:
                </label>
                <div
                  class="col-10"
                >
                  <input
                    aria-describedby="label-scte35__timescale"
                    class="form-control "
                    id="model-scte35__timescale"
                    name="scte35__timescale"
                    title="Scte35 timescale"
                    type="number"
                  />
                </div>
                <div
                  class="invalid-feedback"
                  style="display: none;"
                />
              </div>
              <div
                class="row mb-2 form-group "
              >
                <label
                  class="col-2 col-form-label"
                  for="model-scte35__value"
                  id="label-scte35__value"
                >
                  Scte35 value:
                </label>
                <div
                  class="col-10"
                >
                  <input
                    aria-describedby="label-scte35__value"
                    class="form-control "
                    id="model-scte35__value"
                    name="scte35__value"
                    title="Scte35 value"
                    type="text"
                  />
                </div>
                <div
                  class="invalid-feedback"
                  style="display: none;"
                />
              </div>
              <div
                class="row mb-2 form-group "
              >
                <label
                  class="col-2 col-form-label"
                  for="model-scte35__version"
                  id="label-scte35__version"
                >
                  Scte35 version:
                </label>
                <div
                  class="col-10"
                >
                  <input
                    aria-describedby="label-scte35__version"
                    class="form-control "
                    id="model-scte35__version"
                    name="scte35__version"
                    title="Scte35 version"
                    type="number"
                  />
                </div>
                <div
                  class="invalid-feedback"
                  style="display: none;"
                />
              </div>
            </div>
          </div>
        </div>
      </form>
    </div>
    <p
      class="info"
    >
      The MPD files for live streams are dynamically generated so that they appear to be live sources, using static media files. Requests for manifests and for media fragments can be modified using various CGI parameters, which are documented on the 
      <a
        class="link"
        href="/options"
      >
        CGI options
      </a>
       page.
    </p>
  </div>
</DocumentFragment>
`;

exports[`HomePage > shows manifest contents 1`] = `[Function]`;
