// Vitest Snapshot v1, https://vitest.dev/guide/snapshot.html

exports[`ChangePassword component > ChangePassword component matches snapshot 1`] = `
<DocumentFragment>
  <div
    class="content mb-4"
    style="max-width: 65rem;"
  >
    <div
      class="card "
      id="edit-user"
    >
      <div
        class="card-header"
      >
        Change my password
      </div>
      <div
        class="card-body"
      >
        <form>
          <div
            class="row mb-2 form-group "
          >
            <label
              class="col-2 col-form-label"
              for="model-email"
              id="label-email"
            >
              Email:
            </label>
            <div
              class="col-10"
            >
              <input
                aria-describedby="label-email"
                class="form-control is-valid "
                id="model-email"
                name="email"
                title="Email"
                type="email"
              />
            </div>
            <div
              class="invalid-feedback"
              style="display: none;"
            />
          </div>
          <div
            class="row mb-2 form-group "
          >
            <label
              class="col-2 col-form-label"
              for="model-password"
              id="label-password"
            >
              Password:
            </label>
            <div
              class="col-10"
            >
              <div
                class="input-group"
              >
                <input
                  aria-describedby="label-password"
                  class="form-control is-valid "
                  id="model-password"
                  name="password"
                  placeholder="***"
                  title="Password"
                  type="password"
                />
                <button
                  class="d-none"
                  type="button"
                >
                  Reveal
                </button>
              </div>
            </div>
            <div
              class="invalid-feedback"
              style="display: none;"
            />
          </div>
          <div
            class="row mb-2 form-group "
          >
            <label
              class="col-2 col-form-label"
              for="model-confirmPassword"
              id="label-confirmPassword"
            >
              Confirm Password:
            </label>
            <div
              class="col-10"
            >
              <div
                class="input-group"
              >
                <input
                  aria-describedby="label-confirmPassword"
                  class="form-control is-valid "
                  id="model-confirmPassword"
                  name="confirmPassword"
                  placeholder="***"
                  title="Confirm Password"
                  type="password"
                />
                <button
                  class="d-none"
                  type="button"
                >
                  Reveal
                </button>
              </div>
            </div>
            <div
              class="invalid-feedback"
              style="display: none;"
            />
          </div>
        </form>
        <div
          class="form-actions mt-2"
        >
          <button
            class="btn btn-primary me-3"
          >
            Change Password
          </button>
          <a
            class="btn btn-warning"
            href="/"
          >
            Cancel
          </a>
        </div>
      </div>
    </div>
  </div>
</DocumentFragment>
`;

exports[`ChangePassword component > ChangePasswordPage matches snapshot 1`] = `
<DocumentFragment>
  <div
    class="content mb-4"
    style="max-width: 65rem;"
  >
    <div
      class="card "
      id="edit-user"
    >
      <div
        class="card-header"
      >
        Change my password
      </div>
      <div
        class="card-body"
      >
        <form>
          <div
            class="row mb-2 form-group "
          >
            <label
              class="col-2 col-form-label"
              for="model-email"
              id="label-email"
            >
              Email:
            </label>
            <div
              class="col-10"
            >
              <input
                aria-describedby="label-email"
                class="form-control is-valid "
                id="model-email"
                name="email"
                title="Email"
                type="email"
              />
            </div>
            <div
              class="invalid-feedback"
              style="display: none;"
            />
          </div>
          <div
            class="row mb-2 form-group "
          >
            <label
              class="col-2 col-form-label"
              for="model-password"
              id="label-password"
            >
              Password:
            </label>
            <div
              class="col-10"
            >
              <div
                class="input-group"
              >
                <input
                  aria-describedby="label-password"
                  class="form-control is-valid "
                  id="model-password"
                  name="password"
                  placeholder="***"
                  title="Password"
                  type="password"
                />
                <button
                  class="d-none"
                  type="button"
                >
                  Reveal
                </button>
              </div>
            </div>
            <div
              class="invalid-feedback"
              style="display: none;"
            />
          </div>
          <div
            class="row mb-2 form-group "
          >
            <label
              class="col-2 col-form-label"
              for="model-confirmPassword"
              id="label-confirmPassword"
            >
              Confirm Password:
            </label>
            <div
              class="col-10"
            >
              <div
                class="input-group"
              >
                <input
                  aria-describedby="label-confirmPassword"
                  class="form-control is-valid "
                  id="model-confirmPassword"
                  name="confirmPassword"
                  placeholder="***"
                  title="Confirm Password"
                  type="password"
                />
                <button
                  class="d-none"
                  type="button"
                >
                  Reveal
                </button>
              </div>
            </div>
            <div
              class="invalid-feedback"
              style="display: none;"
            />
          </div>
        </form>
        <div
          class="form-actions mt-2"
        >
          <button
            class="btn btn-primary me-3"
          >
            Change Password
          </button>
          <a
            class="btn btn-warning"
            href="/"
          >
            Cancel
          </a>
        </div>
      </div>
    </div>
  </div>
</DocumentFragment>
`;
