// Vitest Snapshot v1, https://vitest.dev/guide/snapshot.html

exports[`ListUsersPage component > matches snapshot 1`] = `
<DocumentFragment>
  <div
    class="container"
    id="user-management"
  >
    <div
      class="d-flex flex-row"
    >
      <h1
        class="flex-grow-1"
      >
        User Accounts
      </h1>
      <button
        class="btn btn-success add-user"
      >
        Add New User
      </button>
    </div>
    <div
      class="users-list-wrap"
    >
      <table
        class="table table-striped table-bordered"
        style="width: auto;"
      >
        <caption>
          Users
        </caption>
        <thead>
          <tr
            class="sort_username"
          >
            <th
              class="pk"
            >
              <a
                class=""
                href="#"
              >
                <span
                  class="me-1 text-dark"
                >
                  #
                </span>
              </a>
            </th>
            <th
              class="username"
            >
              <a
                class=" fs-6"
                href="#"
              >
                <span
                  class="me-1 text-dark"
                >
                  Username
                </span>
                <span
                  aria-label="sort-alpha-down icon"
                  class="bi icon bi-sort-alpha-down "
                  role="img"
                />
              </a>
            </th>
            <th
              class="email"
            >
              <a
                class=""
                href="#"
              >
                <span
                  class="me-1 text-dark"
                >
                  Email
                </span>
              </a>
            </th>
            <th
              class="lastLogin"
            >
              <a
                class=""
                href="#"
              >
                <span
                  class="me-1 text-dark"
                >
                  Last Login
                </span>
              </a>
            </th>
            <th
              class="mustChange"
            >
              <a
                class=""
                href="#"
              >
                <span
                  class="me-1 text-dark"
                >
                  Must Change
                </span>
              </a>
            </th>
            <th
              class="adminGroup"
            >
              <a
                class=""
                href="#"
              >
                <span
                  class="me-1 text-dark"
                >
                  Admin
                </span>
              </a>
            </th>
            <th
              class="mediaGroup"
            >
              <a
                class=""
                href="#"
              >
                <span
                  class="me-1 text-dark"
                >
                  Media
                </span>
              </a>
            </th>
            <th
              class="userGroup"
            >
              <a
                class=""
                href="#"
              >
                <span
                  class="me-1 text-dark"
                >
                  User
                </span>
              </a>
            </th>
          </tr>
        </thead>
        <tbody>
          <tr
            id="opt_1"
          >
            <td
              class="pk"
            >
              <span>
                1
              </span>
            </td>
            <td
              class="username"
            >
              <a
                href="/users/admin"
              >
                admin
              </a>
            </td>
            <td
              class="email"
            >
              <a
                href="/users/admin"
              >
                admin@example.local
              </a>
            </td>
            <td
              class="lastLogin"
            >
              <span>
                ---
              </span>
            </td>
            <td
              class="mustChange"
            >
              <span
                class="bool-no"
              >
                ✗
              </span>
            </td>
            <td
              class="adminGroup"
            >
              <span
                class="bool-yes"
              >
                ✓
              </span>
            </td>
            <td
              class="mediaGroup"
            >
              <span
                class="bool-yes"
              >
                ✓
              </span>
            </td>
            <td
              class="userGroup"
            >
              <span
                class="bool-yes"
              >
                ✓
              </span>
            </td>
          </tr>
          <tr
            id="opt_101"
          >
            <td
              class="pk"
            >
              <span>
                101
              </span>
            </td>
            <td
              class="username"
            >
              <a
                href="/users/mediamgr"
              >
                mediamgr
              </a>
            </td>
            <td
              class="email"
            >
              <a
                href="/users/mediamgr"
              >
                media.manager@example.local
              </a>
            </td>
            <td
              class="lastLogin"
            >
              <span>
                ---
              </span>
            </td>
            <td
              class="mustChange"
            >
              <span
                class="bool-no"
              >
                ✗
              </span>
            </td>
            <td
              class="adminGroup"
            >
              <span
                class="bool-no"
              >
                ✗
              </span>
            </td>
            <td
              class="mediaGroup"
            >
              <span
                class="bool-yes"
              >
                ✓
              </span>
            </td>
            <td
              class="userGroup"
            >
              <span
                class="bool-yes"
              >
                ✓
              </span>
            </td>
          </tr>
          <tr
            id="opt_100"
          >
            <td
              class="pk"
            >
              <span>
                100
              </span>
            </td>
            <td
              class="username"
            >
              <a
                href="/users/user"
              >
                user
              </a>
            </td>
            <td
              class="email"
            >
              <a
                href="/users/user"
              >
                a.user@example.local
              </a>
            </td>
            <td
              class="lastLogin"
            >
              <span>
                ---
              </span>
            </td>
            <td
              class="mustChange"
            >
              <span
                class="bool-no"
              >
                ✗
              </span>
            </td>
            <td
              class="adminGroup"
            >
              <span
                class="bool-no"
              >
                ✗
              </span>
            </td>
            <td
              class="mediaGroup"
            >
              <span
                class="bool-no"
              >
                ✗
              </span>
            </td>
            <td
              class="userGroup"
            >
              <span
                class="bool-yes"
              >
                ✓
              </span>
            </td>
          </tr>
        </tbody>
      </table>
    </div>
  </div>
</DocumentFragment>
`;
